// Jest Snapshot v1, https://goo.gl/fbAQLP

exports[`NavItem renders correctly 1`] = `
<a
  className=" css-5yvc01-NavItem"
  onClick={[Function]}
/>
`;
