// Jest Snapshot v1, https://goo.gl/fbAQLP

exports[`Notification renders correctly 1`] = `
<div
  className="css-1b4mhmc"
>
  <img
    alt=""
    src="data:image/png;base64,iVBORw0KGgoAAAANSUhEUgAAACQAAAAkCAQAAABLCVATAAAA+ElEQVR4AeXPMSjEYRjH8SfKIqOUY5DMyg7KZGGwT0hsEmW6wmoyKtkX+3STvWQw2QzEIJJ0PsYb7rzv++9u4vOM3/r1vvGnqQO47NXQl9HeDHEW3bKkukfj0c6N6vajnTVVNU1HO33uVXMRnVlXxYdadGbAo3In8Tt7Sj0bTA0NeVVmJ9IcK3GnP9IM+5S3GnnO5FxHCbNyZqKEKynfdqOEOdB0pN7xFqOEfrfgPLpjBXwYie44AA/q2VuIFMtK1SPNaflQhnmHXX+th0xoeNMwla8Jap4AT2q5mmBDy3auJtjUspWrCca8tB6frwkmNbxrmMjXf+IHAnWgsliFmvYAAAAASUVORK5CYII="
  />
  <div
    className="css-q3u3xk"
  >
    <span
      className="css-p6in9o"
    />
  </div>
</div>
`;
